Information: Propagating switching activity (low effort zero delay simulation). (PWR-6)
Warning: Design has unannotated primary inputs. (PWR-414)
Warning: Design has unannotated sequential cell outputs. (PWR-415)
 
****************************************
Report : power
        -analysis_effort low
Design : KnightsTour
Version: V-2023.12-SP5
Date   : Fri Dec  6 19:43:05 2024
****************************************


Library(s) Used:

    saed32lvt_tt0p85v25c (File: /cae/apps/data/saed32_edk-2022/lib/stdcell_lvt/db_nldm/saed32lvt_tt0p85v25c.db)


Operating Conditions: tt0p85v25c   Library: saed32lvt_tt0p85v25c
Wire Load Model Mode: enclosed

Design        Wire Load Model            Library
------------------------------------------------
KnightsTour            16000             saed32lvt_tt0p85v25c


Global Operating Voltage = 0.85 
Power-specific unit information :
    Voltage Units = 1V
    Capacitance Units = 1.000000ff
    Time Units = 1ns
    Dynamic Power Units = 1uW    (derived from V,C,T units)
    Leakage Power Units = 1pW


Attributes
----------
i - Including register clock pin internal power


  Cell Internal Power  =   1.3087 mW   (99%)
  Net Switching Power  =  15.2745 uW    (1%)
                         ---------
Total Dynamic Power    =   1.3240 mW  (100%)

Cell Leakage Power     =   7.1555 mW


                 Internal         Switching           Leakage            Total
Power Group      Power            Power               Power              Power   (   %    )  Attrs
--------------------------------------------------------------------------------------------------
io_pad             0.0000            0.0000            0.0000            0.0000  (   0.00%)
memory             0.0000            0.0000            0.0000            0.0000  (   0.00%)
black_box          0.0000            0.0000            0.0000            0.0000  (   0.00%)
clock_network  1.2719e+03            0.0000            0.0000        1.2719e+03  (  15.00%)  i
register          24.3142            2.9519        4.1450e+09        4.1722e+03  (  49.20%)
sequential         0.0000            0.0000            0.0000            0.0000  (   0.00%)
combinational     12.4760           12.3226        3.0106e+09        3.0354e+03  (  35.80%)
--------------------------------------------------------------------------------------------------
Total          1.3087e+03 uW        15.2745 uW     7.1555e+09 pW     8.4795e+03 uW
1
